k99_158	kraken:taxid|1624|NZ_CP024067.1	99.296	1137	1	1	1	1137	90870	91999	0.0	2049
k99_282	kraken:taxid|821|NZ_CP072234.1	99.689	1285	4	0	1	1285	516445	515161	0.0	2351
k99_222	kraken:taxid|821|NZ_CP068489.1	99.806	1033	2	0	1	1033	3502634	3501602	0.0	1897
k99_191	kraken:taxid|28116|NZ_CP046397.1	99.805	1542	3	0	1	1542	5975842	5974301	0.0	2832
k99_284	kraken:taxid|28116|NZ_CP069790.1	99.260	1352	3	1	1	1352	6193136	6191792	0.0	2435
k99_67	kraken:taxid|997873|NZ_CP072258.1	99.749	1194	3	0	1	1194	39496	40689	0.0	2189
k99_224	kraken:taxid|28116|NZ_CP041395.1	98.939	1037	4	1	1	1037	6642885	6643914	0.0	1847
k99_192	kraken:taxid|1624|NZ_CP047412.1	99.855	1376	2	0	1	1376	346498	347873	0.0	2531
k99_258	kraken:taxid|47678|NZ_CP068174.1	99.701	1004	3	0	1	1004	3272913	3273916	0.0	1838
k99_164	kraken:taxid|28116|NZ_CP041395.1	100.000	1073	0	0	1	1073	4109882	4110954	0.0	1982
k99_69	kraken:taxid|997873|NZ_CP072258.1	99.902	1019	1	0	1	1019	1644174	1645192	0.0	1877
k99_103	kraken:taxid|821|NZ_CP043529.1	99.830	1174	2	0	1	1174	4541626	4542799	0.0	2158
k99_287	kraken:taxid|821|NZ_CP068489.1	99.844	1284	2	0	1	1284	5158641	5157358	0.0	2361
k99_135	kraken:taxid|821|NZ_CP043529.1	99.909	1104	1	0	1	1104	3516730	3515627	0.0	2034
k99_42	kraken:taxid|28116|NZ_CP072244.1	99.922	1280	1	0	1	1280	1054973	1056252	0.0	2359
k99_10	kraken:taxid|28116|NZ_CP069790.1	99.913	1154	1	0	37	1190	1984005	1985158	0.0	2126
k99_289	kraken:taxid|28116|NZ_CP069790.1	100.000	1094	0	0	1	1094	2184609	2183516	0.0	2021
k99_263	kraken:taxid|28116|NZ_CP069790.1	99.209	1391	11	0	1	1391	4122632	4121242	0.0	2508
k99_137	kraken:taxid|371601|NZ_CP041230.1	98.586	1768	25	0	1	1768	5401349	5403116	0.0	3127
k99_230	kraken:taxid|28116|NZ_CP069790.1	99.628	1345	5	0	1	1345	4125227	4126571	0.0	2457
k99_107	kraken:taxid|821|NZ_CP068488.1	99.375	1599	3	1	1	1599	493722	492131	0.0	2891
k99_45	kraken:taxid|821|NZ_CP068488.1	99.467	1688	2	1	1	1688	4042009	4040329	0.0	3061
k99_291	kraken:taxid|47678|NZ_CP068174.1	99.712	1040	3	0	4	1043	4440217	4441256	0.0	1905
k99_75	kraken:taxid|28116|NZ_CP069790.1	98.160	1141	21	0	1	1141	586968	588108	0.0	1991
k99_15	kraken:taxid|997873|NZ_CP072258.1	100.000	1007	0	0	1	1007	4356172	4357178	0.0	1860
k99_265	kraken:taxid|821|NZ_CP072234.1	100.000	1082	0	0	1	1082	1505344	1506425	0.0	1999
k99_233	kraken:taxid|362948|NC_007929.1	99.473	1328	0	1	1	1328	524761	526081	0.0	2407
k99_203	kraken:taxid|1624|NZ_CP024067.1	99.326	1038	0	1	1	1038	93041	92011	0.0	1871
k99_17	kraken:taxid|47678|NZ_CP068174.1	99.554	1120	5	0	8	1127	4440222	4439103	0.0	2041
k99_179	kraken:taxid|821|NZ_CP043529.1	99.227	1035	1	1	26	1060	2815579	2816606	0.0	1860
k99_294	kraken:taxid|28116|NZ_CP046397.1	97.920	1250	19	1	1	1250	3180083	3181325	0.0	2158
k99_50	kraken:taxid|821|NZ_CP068489.1	99.919	1230	1	0	1	1230	469862	468633	0.0	2266
k99_236	kraken:taxid|997873|NZ_CP072258.1	99.900	1004	1	0	1	1004	1751457	1752460	0.0	1849
k99_205	kraken:taxid|28116|NZ_CP069790.1	99.925	1327	1	0	1	1327	2518872	2517546	0.0	2446
k99_80	kraken:taxid|821|NZ_CP043529.1	99.607	1779	7	0	1	1779	2826383	2824605	0.0	3247
k99_114	kraken:taxid|2763022|NZ_CP060488.1	99.822	1121	2	0	1	1121	6411483	6412603	0.0	2060
k99_19	kraken:taxid|28116|NZ_CP069790.1	99.737	1139	3	0	1	1139	4123851	4122713	0.0	2087
k99_237	kraken:taxid|28116|NZ_CP069790.1	100.000	1319	0	0	1	1319	1982511	1981193	0.0	2436
k99_52	kraken:taxid|1624|NZ_CP020858.1	99.911	1126	1	0	1	1126	748405	749530	0.0	2074
k99_238	kraken:taxid|2763022|NZ_CP060488.1	99.532	1495	7	0	1	1495	2735610	2734116	0.0	2723
k99_84	kraken:taxid|821|NZ_CP043529.1	99.156	1066	2	1	1	1066	3618690	3619748	0.0	1912
k99_301	kraken:taxid|1624|NZ_CP062071.1	99.544	1097	5	0	1	1097	1190705	1191801	0.0	1999
k99_186	kraken:taxid|821|NZ_CP043529.1	99.936	1569	1	0	1	1569	2238444	2236876	0.0	2892
k99_152	kraken:taxid|1624|NZ_LT604074.1	99.122	1709	8	1	1	1709	1113158	1111457	0.0	3066
k99_122	kraken:taxid|821|NZ_CP068489.1	99.396	1159	0	1	1	1159	1885434	1884283	0.0	2095
k99_187	kraken:taxid|28116|NZ_CP069790.1	98.700	1231	16	0	1	1231	4896878	4895648	0.0	2185
k99_211	kraken:taxid|1624|NZ_CP020858.1	99.640	2222	8	0	1	2222	1575527	1577748	0.0	4060
k99_57	kraken:taxid|28116|NZ_CP041395.1	97.166	1129	32	0	1	1129	6639185	6640313	0.0	1908
k99_242	kraken:taxid|821|NZ_CP043529.1	99.345	1069	7	0	6	1074	100071	101139	0.0	1936
k99_155	kraken:taxid|821|NZ_CP043529.1	99.774	1330	3	0	1	1330	4544188	4545517	0.0	2440
k99_213	kraken:taxid|28116|NZ_CP069790.1	100.000	1012	0	0	1	1012	1271329	1270318	0.0	1869
k99_306	kraken:taxid|28116|NZ_CP046397.1	100.000	1285	0	0	1	1285	5079845	5078561	0.0	2374
k99_243	kraken:taxid|28116|NZ_CP046397.1	99.827	1158	2	0	1	1158	1636754	1635597	0.0	2128
k99_58	kraken:taxid|1624|NZ_CP020858.1	98.204	1559	28	0	1	1559	192068	190510	0.0	2724
k99_124	kraken:taxid|28116|NZ_CP041395.1	100.000	1544	0	0	1	1544	4136666	4135123	0.0	2852
k99_90	kraken:taxid|821|NZ_CP068488.1	99.569	1855	1	1	1	1855	900356	902203	0.0	3374
k99_61	kraken:taxid|1624|NZ_CP007646.1	98.408	1068	17	0	1	1068	246157	245090	0.0	1879
k99_156	kraken:taxid|821|NZ_CP068488.1	99.761	2511	6	0	1	2511	878088	880598	0.0	4604
k99_308	kraken:taxid|28116|NZ_CP041395.1	97.980	1683	34	0	1	1683	6640324	6642006	0.0	2920
k99_217	kraken:taxid|1624|NZ_CP062071.1	99.932	1471	1	0	1	1471	1670170	1671640	0.0	2712
k99_309	kraken:taxid|821|NZ_CP068488.1	99.524	1472	7	0	1	1472	886153	884682	0.0	2680
k99_63	kraken:taxid|362948|NC_007929.1	98.393	1369	15	1	1	1369	1056811	1055450	0.0	2399
k99_203	NZ_LR134401.1	78.873	142	24	6	900	1038	711339	711477	8.17e-16	91.6
k99_238	NC_022111.1	72.557	1392	337	37	7	1374	35875	34505	2.23e-112	412
k99_63	NZ_LR135270.1	70.990	717	168	36	427	1119	750168	750868	4.94e-29	135
