k99_203	NZ_LR134401.1	78.873	142	24	6	900	1038	711339	711477	8.17e-16	91.6
k99_238	NC_022111.1	72.557	1392	337	37	7	1374	35875	34505	2.23e-112	412
k99_63	NZ_LR135270.1	70.990	717	168	36	427	1119	750168	750868	4.94e-29	135
